
> studyquest-frontend@1.0.0 build
> next build

▲ Next.js 16.3.6 (Turbopack)
- Environments: .env
✓ Running next.config.ts took 107ms

  Creating an optimized production build ...
✓ Compiled successfully in 36.4s
  Running TypeScript ...
  Finished TypeScript in 13.0s ...
  Collecting page data using 1 worker ...
  Generating static pages using 1 worker (0/5) ...
  Generating static pages using 1 worker (1/5) 
  Generating static pages using 1 worker (2/5) 
  Generating static pages using 1 worker (3/5) 
✓ Generating static pages using 1 worker (5/5) in 2.6s
  Finalizing page optimization ...

Route (app)
┌ ƒ /
├ ○ /_not-found
├ ○ /auth/login
└ ○ /auth/signup


ƒ Proxy (Middleware)

○  (Static)   prerendered as static content
ƒ  (Dynamic)  server-rendered on demand

